INFO: Server started
ERROR: Database connection failed
INFO: User logged in
ERROR: Timeout while calling API
WARNING: Disk usage high